// Jest Snapshot v1, https://goo.gl/fbAQLP

exports[`Selectedの結合テスト Selectedが正しくレンダリングされているか 1`] = `
<div>
  <div
    class="className"
  >
    <main
      class="min-h-[calc(100vw - 45px)] w-full "
    >
      <h1
        class="mt-[5%] text-center text-4xl font-bold text-white md:text-5xl"
      >
        難易度選択
      </h1>
      <div
        class="mt-[8%]"
      >
        <a
          class="block border-t  border-white text-white text-center text-3xl md:text-4xl py-[2.94rem] cursor-pointer transition-colors hover:text-gray-400"
          href="/difficulty/flow"
        >
          初級編:GitHub Flow
        </a>
        <a
          class="block border-t  border-white text-white text-center text-3xl md:text-4xl py-[2.94rem] cursor-pointer transition-colors hover:text-gray-400"
          href="/difficulty/dummy"
        >
          中級編:制作中
        </a>
        <a
          class="block border-t border-b border-white text-white text-center text-3xl md:text-4xl py-[2.94rem] cursor-pointer transition-colors hover:text-gray-400"
          href="/difficulty/dummy"
        >
          上級編:制作中
        </a>
      </div>
    </main>
  </div>
</div>
`;
