// Jest Snapshot v1, https://goo.gl/fbAQLP

exports[`Selectedの結合テスト Selectedが正しくレンダリングされているか 1`] = `
<div>
  <main
    class="min-h-[calc(100svh - 45px)] relative w-full"
  >
    <h1
      class="mt-[5%] text-center text-4xl font-bold text-white md:text-5xl"
    >
      難易度選択
    </h1>
    <div
      class="mt-[8%]"
    >
      <a
        class="block border-t   cursor-pointer border-white py-[2.94rem] text-center text-3xl text-white transition-colors hover:text-gray-400 md:text-4xl"
        href="/difficulty/flow"
      >
        初級編:GitHub Flow
      </a>
      <a
        class="block border-t border-b  cursor-pointer border-white py-[2.94rem] text-center text-3xl text-white transition-colors hover:text-gray-400 md:text-4xl"
        href="/difficulty/other"
      >
        中級編:Other Commands
      </a>
    </div>
  </main>
</div>
`;
