// Jest Snapshot v1, https://goo.gl/fbAQLP

exports[`トップページのレンダリングテスト スナップショットのテスト 1`] = `
<div>
  <div
    class="className"
  >
    <div
      class="flex min-h-screen w-full flex-col items-center justify-center"
    >
      <div
        class="mx-auto flex flex-col gap-5 md:gap-[2.375rem]"
      >
        <p
          class="text-center text-base text-white md:text-2xl "
        >
          Gitコマンドを手軽に空打ちできるサイト
        </p>
        <h1
          class="text-center text-4xl font-bold text-white md:text-8xl "
        >
          Git Empty
        </h1>
      </div>
      <div
        class="mt-32 flex justify-center gap-16 md:mt-[12.6rem] md:gap-[9.12rem] "
      >
        <a
          class="block w-fit rounded-[2.8125rem] px-5 py-2 text-base font-normal text-white after:block after:h-[1px]
      after:w-full after:scale-0 after:transition-all hover:after:scale-100 hover:after:bg-white
      hover:after:content-[""] md:px-10 md:py-4 md:text-2xl
      bg-primary false"
          href="/difficulty"
        >
          Let's Play!
        </a>
        <a
          class="block w-fit rounded-[2.8125rem] px-5 py-2 text-base font-normal text-white after:block after:h-[1px]
      after:w-full after:scale-0 after:transition-all hover:after:scale-100 hover:after:bg-white
      hover:after:content-[""] md:px-10 md:py-4 md:text-2xl
      false border border-white"
          href="/howto"
        >
          How to use
        </a>
      </div>
      <div
        class="absolute bottom-3"
      >
        <footer
          class="pb-10"
        >
          <small
            class="block text-center text-white"
          >
            Copyright © 2023 LeafField All rights reserved.
          </small>
        </footer>
      </div>
    </div>
  </div>
</div>
`;
