// Jest Snapshot v1, https://goo.gl/fbAQLP

exports[`Asideの単体テスト Asideのスナップショットテスト 1`] = `
<div>
  <aside
    aria-hidden="false"
    class="absolute inset-0 col-start-1 col-end-2 row-start-2 row-end-3 bg-consoleHeader px-4 pt-[6rem] text-white transition-all duration-300 ease-in-out aria-hidden:invisible  aria-hidden:opacity-0 lg:visible lg:static lg:bg-inherit lg:px-0 lg:pt-0"
    data-testid="aside"
    id="aside"
  >
    <h3
      class="text-lg lg:text-2xl"
    >
      フォルダ名、リモート名などの注意
    </h3>
    <p
      class="pt-9"
    >
      リモートリポジトリのURLは「URL」と打ってください
      <br />
      例:git remote add origin URL
    </p>
    <p
      class="pt-4"
    >
      フォルダ名を指定する場合は「.」と打ってください
      <br />
      例:git add .
    </p>
    <p
      class="mt-4"
    >
      「-m」等のオプションは打たないでください
      <br />
      例:git commit
    </p>
    <p
      class="mt-4"
    >
      現在、コマンドの判定がシビアになっています。
      <br />
      コマンドの半角スペースは一個のみ、コマンドの最後にスペースが入らないように注意してください。
    </p>
  </aside>
</div>
`;
