// Jest Snapshot v1, https://goo.gl/fbAQLP

exports[`Asideの単体テスト Asideのスナップショットテスト 1`] = `
<div>
  <aside
    class="text-white row-start-2 row-end-3 col-start-1 col-end-2"
  >
    <h3
      class="text-2xl"
    >
      フォルダ名、リモート名などの注意
    </h3>
    <p
      class="pt-9"
    >
      リモートリポジトリのURLは「URL」と打ってください
      <br />
      例:git remote add origin URL
    </p>
    <p
      class="pt-4"
    >
      フォルダ名を指定する場合は「.」と打ってください
      <br />
      例:git add .
    </p>
  </aside>
</div>
`;
